Error: undefined method `+' for nil:NilClass at 2019-04-14 18:20:12 -0300
Error: undefined method `+' for nil:NilClass at 2019-04-14 18:20:19 -0300
Error: undefined method `+' for nil:NilClass at 2019-04-14 18:20:25 -0300
Error: undefined method `+' for nil:NilClass at 2019-04-14 18:20:26 -0300
Error: undefined method `+' for nil:NilClass at 2019-04-14 18:20:27 -0300
Error: undefined method `+' for nil:NilClass at 2019-04-14 18:20:28 -0300
Error: undefined method `+' for nil:NilClass at 2019-04-14 18:20:29 -0300
Error: undefined method `+' for nil:NilClass at 2019-04-14 18:20:29 -0300
Error: undefined method `+' for nil:NilClass at 2019-04-14 18:20:29 -0300
Error: undefined method `+' for nil:NilClass at 2019-04-14 18:20:30 -0300
Error: undefined method `+' for nil:NilClass at 2019-04-14 18:20:30 -0300
Error: undefined method `+' for nil:NilClass at 2019-04-14 18:20:30 -0300
Error: undefined method `+' for nil:NilClass at 2019-04-14 18:20:31 -0300
Error: undefined method `+' for nil:NilClass at 2019-04-14 18:20:31 -0300
Error: undefined method `+' for nil:NilClass at 2019-04-14 18:20:31 -0300
Error: undefined method `+' for nil:NilClass at 2019-04-14 18:20:31 -0300
Error: undefined method `+' for nil:NilClass at 2019-04-14 18:20:32 -0300
Error: undefined method `+' for nil:NilClass at 2019-04-14 18:20:32 -0300
Error: undefined method `+' for nil:NilClass at 2019-04-14 18:20:32 -0300
Error: undefined method `+' for nil:NilClass at 2019-04-14 18:20:32 -0300
Error: undefined method `+' for nil:NilClass at 2019-04-14 18:20:33 -0300
Error: undefined method `+' for nil:NilClass at 2019-04-14 18:20:33 -0300
Error: undefined method `+' for nil:NilClass at 2019-04-14 18:20:33 -0300
Error: undefined method `+' for nil:NilClass at 2019-04-14 18:20:33 -0300
Error: undefined method `+' for nil:NilClass at 2019-04-14 18:20:34 -0300
Error: undefined method `+' for nil:NilClass at 2019-04-14 18:20:34 -0300
Error: undefined method `+' for nil:NilClass at 2019-04-14 18:20:34 -0300
Error: undefined method `+' for nil:NilClass at 2019-04-14 18:20:34 -0300
Error: undefined method `+' for nil:NilClass at 2019-04-14 18:20:35 -0300
Error: undefined method `+' for nil:NilClass at 2019-04-14 18:20:35 -0300
Error: undefined method `+' for nil:NilClass at 2019-04-14 18:20:35 -0300
Error: undefined method `+' for nil:NilClass at 2019-04-14 18:20:35 -0300
Error: undefined method `+' for nil:NilClass at 2019-04-14 18:20:36 -0300
Error: undefined method `+' for nil:NilClass at 2019-04-14 18:20:36 -0300
Error: undefined method `+' for nil:NilClass at 2019-04-14 18:20:36 -0300
Error: undefined method `+' for nil:NilClass at 2019-04-14 18:20:36 -0300
Error: undefined method `+' for nil:NilClass at 2019-04-14 18:20:37 -0300
Error: undefined method `+' for nil:NilClass at 2019-04-14 18:20:37 -0300
Error: undefined method `+' for nil:NilClass at 2019-04-14 18:20:37 -0300
Error: undefined method `+' for nil:NilClass at 2019-04-14 18:20:37 -0300
Error: undefined method `+' for nil:NilClass at 2019-04-14 18:20:37 -0300
Error: undefined method `+' for nil:NilClass at 2019-04-14 18:20:38 -0300
Error: undefined method `+' for nil:NilClass at 2019-04-14 18:20:38 -0300
Error: undefined method `+' for nil:NilClass at 2019-04-14 18:20:38 -0300
Error: undefined method `+' for nil:NilClass at 2019-04-14 18:20:38 -0300
Error: undefined method `+' for nil:NilClass at 2019-04-14 18:20:39 -0300
Error: undefined method `+' for nil:NilClass at 2019-04-14 18:20:39 -0300
Error: undefined method `+' for nil:NilClass at 2019-04-14 18:20:39 -0300
